Halo dari Manus Agent! Ini test file tool.